14:01:48 **** Incremental Build of configuration Debug for project LAB1 ****
make -j8 all 
arm-none-eabi-gcc "../Core/Src/Excersice4.c" -mcpu=cortex-m3 -std=gnu11 -g3 -DDEBUG -DUSE_HAL_DRIVER -DSTM32F103x6 -c -I../Core/Inc -I../Drivers/STM32F1xx_HAL_Driver/Inc -I../Drivers/STM32F1xx_HAL_Driver/Inc/Legacy -I../Drivers/CMSIS/Device/ST/STM32F1xx/Include -I../Drivers/CMSIS/Include -O0 -ffunction-sections -fdata-sections -Wall -fstack-usage -MMD -MP -MF"Core/Src/Excersice4.d" -MT"Core/Src/Excersice4.o" --specs=nano.specs -mfloat-abi=soft -mthumb -o "Core/Src/Excersice4.o"
arm-none-eabi-gcc "../Core/Src/main.c" -mcpu=cortex-m3 -std=gnu11 -g3 -DDEBUG -DUSE_HAL_DRIVER -DSTM32F103x6 -c -I../Core/Inc -I../Drivers/STM32F1xx_HAL_Driver/Inc -I../Drivers/STM32F1xx_HAL_Driver/Inc/Legacy -I../Drivers/CMSIS/Device/ST/STM32F1xx/Include -I../Drivers/CMSIS/Include -O0 -ffunction-sections -fdata-sections -Wall -fstack-usage -MMD -MP -MF"Core/Src/main.d" -MT"Core/Src/main.o" --specs=nano.specs -mfloat-abi=soft -mthumb -o "Core/Src/main.o"
arm-none-eabi-gcc -o "LAB1.elf" @"objects.list"   -mcpu=cortex-m3 -T"E:\chuyennganh\vixuly\workspace\STM32_LAB1\LAB1\STM32F103C6UX_FLASH.ld" --specs=nosys.specs -Wl,-Map="LAB1.map" -Wl,--gc-sections -static --specs=nano.specs -mfloat-abi=soft -mthumb -Wl,--start-group -lc -lm -Wl,--end-group
Finished building target: LAB1.elf
 
arm-none-eabi-size   LAB1.elf 
arm-none-eabi-objdump -h -S  LAB1.elf  > "LAB1.list"
arm-none-eabi-objcopy  -O ihex  LAB1.elf  "LAB1.hex"
   text	   data	    bss	    dec	    hex	filename
   4976	     20	   1572	   6568	   19a8	LAB1.elf
arm-none-eabi-objcopy  -O binary  LAB1.elf  "LAB1.bin"
Finished building: default.size.stdout
 
Finished building: LAB1.list
Finished building: LAB1.hex
Finished building: LAB1.bin
 
 
 

14:01:53 Build Finished. 0 errors, 0 warnings. (took 4s.600ms)

